GAS LISTING /tmp/ccoqLvyT.s 			page 1


   1               		.file	"libttycom.c"
   2               	__SP_H__ = 0x3e
   3               	__SP_L__ = 0x3d
   4               	__SREG__ = 0x3f
   5               	__tmp_reg__ = 0
   6               	__zero_reg__ = 1
   7               		.stabs	"/tmp/L3/src/",100,0,2,.Ltext0
   8               		.stabs	"libttycom.c",100,0,2,.Ltext0
   9               		.text
  10               	.Ltext0:
  11               		.stabs	"gcc2_compiled.",60,0,0,0
  12               		.stabs	"int:t(0,1)=r(0,1);-32768;32767;",128,0,0,0
  13               		.stabs	"char:t(0,2)=r(0,2);0;127;",128,0,0,0
  14               		.stabs	"long int:t(0,3)=@s32;r(0,3);020000000000;017777777777;",128,0,0,0
  15               		.stabs	"unsigned int:t(0,4)=r(0,4);0;0177777;",128,0,0,0
  16               		.stabs	"long unsigned int:t(0,5)=@s32;r(0,5);0;037777777777;",128,0,0,0
  17               		.stabs	"__int128:t(0,6)=@s128;r(0,6);02000000000000000000000000000000000000000000;0177777777777777
  18               		.stabs	"__int128 unsigned:t(0,7)=@s128;r(0,7);0;03777777777777777777777777777777777777777777;",128
  19               		.stabs	"long long int:t(0,8)=@s64;r(0,8);01000000000000000000000;00777777777777777777777;",128,0,0
  20               		.stabs	"long long unsigned int:t(0,9)=@s64;r(0,9);0;01777777777777777777777;",128,0,0,0
  21               		.stabs	"short int:t(0,10)=r(0,10);-32768;32767;",128,0,0,0
  22               		.stabs	"short unsigned int:t(0,11)=r(0,11);0;0177777;",128,0,0,0
  23               		.stabs	"signed char:t(0,12)=@s8;r(0,12);-128;127;",128,0,0,0
  24               		.stabs	"unsigned char:t(0,13)=@s8;r(0,13);0;255;",128,0,0,0
  25               		.stabs	"float:t(0,14)=r(0,1);4;0;",128,0,0,0
  26               		.stabs	"double:t(0,15)=r(0,1);4;0;",128,0,0,0
  27               		.stabs	"long double:t(0,16)=r(0,1);4;0;",128,0,0,0
  28               		.stabs	"short _Fract:t(0,17)=r(0,1);1;0;",128,0,0,0
  29               		.stabs	"_Fract:t(0,18)=r(0,1);2;0;",128,0,0,0
  30               		.stabs	"long _Fract:t(0,19)=r(0,1);4;0;",128,0,0,0
  31               		.stabs	"long long _Fract:t(0,20)=r(0,1);8;0;",128,0,0,0
  32               		.stabs	"unsigned short _Fract:t(0,21)=r(0,1);1;0;",128,0,0,0
  33               		.stabs	"unsigned _Fract:t(0,22)=r(0,1);2;0;",128,0,0,0
  34               		.stabs	"unsigned long _Fract:t(0,23)=r(0,1);4;0;",128,0,0,0
  35               		.stabs	"unsigned long long _Fract:t(0,24)=r(0,1);8;0;",128,0,0,0
  36               		.stabs	"_Sat short _Fract:t(0,25)=r(0,1);1;0;",128,0,0,0
  37               		.stabs	"_Sat _Fract:t(0,26)=r(0,1);2;0;",128,0,0,0
  38               		.stabs	"_Sat long _Fract:t(0,27)=r(0,1);4;0;",128,0,0,0
  39               		.stabs	"_Sat long long _Fract:t(0,28)=r(0,1);8;0;",128,0,0,0
  40               		.stabs	"_Sat unsigned short _Fract:t(0,29)=r(0,1);1;0;",128,0,0,0
  41               		.stabs	"_Sat unsigned _Fract:t(0,30)=r(0,1);2;0;",128,0,0,0
  42               		.stabs	"_Sat unsigned long _Fract:t(0,31)=r(0,1);4;0;",128,0,0,0
  43               		.stabs	"_Sat unsigned long long _Fract:t(0,32)=r(0,1);8;0;",128,0,0,0
  44               		.stabs	"short _Accum:t(0,33)=r(0,1);2;0;",128,0,0,0
  45               		.stabs	"_Accum:t(0,34)=r(0,1);4;0;",128,0,0,0
  46               		.stabs	"long _Accum:t(0,35)=r(0,1);8;0;",128,0,0,0
  47               		.stabs	"long long _Accum:t(0,36)=r(0,1);8;0;",128,0,0,0
  48               		.stabs	"unsigned short _Accum:t(0,37)=r(0,1);2;0;",128,0,0,0
  49               		.stabs	"unsigned _Accum:t(0,38)=r(0,1);4;0;",128,0,0,0
  50               		.stabs	"unsigned long _Accum:t(0,39)=r(0,1);8;0;",128,0,0,0
  51               		.stabs	"unsigned long long _Accum:t(0,40)=r(0,1);8;0;",128,0,0,0
  52               		.stabs	"_Sat short _Accum:t(0,41)=r(0,1);2;0;",128,0,0,0
  53               		.stabs	"_Sat _Accum:t(0,42)=r(0,1);4;0;",128,0,0,0
  54               		.stabs	"_Sat long _Accum:t(0,43)=r(0,1);8;0;",128,0,0,0
  55               		.stabs	"_Sat long long _Accum:t(0,44)=r(0,1);8;0;",128,0,0,0
  56               		.stabs	"_Sat unsigned short _Accum:t(0,45)=r(0,1);2;0;",128,0,0,0
  57               		.stabs	"_Sat unsigned _Accum:t(0,46)=r(0,1);4;0;",128,0,0,0
GAS LISTING /tmp/ccoqLvyT.s 			page 2


  58               		.stabs	"_Sat unsigned long _Accum:t(0,47)=r(0,1);8;0;",128,0,0,0
  59               		.stabs	"_Sat unsigned long long _Accum:t(0,48)=r(0,1);8;0;",128,0,0,0
  60               		.stabs	"void:t(0,49)=(0,49)",128,0,0,0
  61               		.stabs	"/usr/lib/avr/include/util/delay.h",130,0,0,0
  62               		.stabs	"/usr/lib/avr/include/inttypes.h",130,0,0,0
  63               		.stabs	"/usr/lib/gcc/avr/5.4.0/include/stdint.h",130,0,0,0
  64               		.stabs	"/usr/lib/avr/include/stdint.h",130,0,0,0
  65               		.stabs	"int8_t:t(4,1)=(0,12)",128,0,125,0
  66               		.stabs	"uint8_t:t(4,2)=(0,13)",128,0,126,0
  67               		.stabs	"int16_t:t(4,3)=(0,1)",128,0,127,0
  68               		.stabs	"uint16_t:t(4,4)=(0,4)",128,0,128,0
  69               		.stabs	"int32_t:t(4,5)=(0,3)",128,0,129,0
  70               		.stabs	"uint32_t:t(4,6)=(0,5)",128,0,130,0
  71               		.stabs	"int64_t:t(4,7)=(0,8)",128,0,132,0
  72               		.stabs	"uint64_t:t(4,8)=(0,9)",128,0,133,0
  73               		.stabs	"intptr_t:t(4,9)=(4,3)",128,0,146,0
  74               		.stabs	"uintptr_t:t(4,10)=(4,4)",128,0,151,0
  75               		.stabs	"int_least8_t:t(4,11)=(4,1)",128,0,163,0
  76               		.stabs	"uint_least8_t:t(4,12)=(4,2)",128,0,168,0
  77               		.stabs	"int_least16_t:t(4,13)=(4,3)",128,0,173,0
  78               		.stabs	"uint_least16_t:t(4,14)=(4,4)",128,0,178,0
  79               		.stabs	"int_least32_t:t(4,15)=(4,5)",128,0,183,0
  80               		.stabs	"uint_least32_t:t(4,16)=(4,6)",128,0,188,0
  81               		.stabs	"int_least64_t:t(4,17)=(4,7)",128,0,196,0
  82               		.stabs	"uint_least64_t:t(4,18)=(4,8)",128,0,203,0
  83               		.stabs	"int_fast8_t:t(4,19)=(4,1)",128,0,217,0
  84               		.stabs	"uint_fast8_t:t(4,20)=(4,2)",128,0,222,0
  85               		.stabs	"int_fast16_t:t(4,21)=(4,3)",128,0,227,0
  86               		.stabs	"uint_fast16_t:t(4,22)=(4,4)",128,0,232,0
  87               		.stabs	"int_fast32_t:t(4,23)=(4,5)",128,0,237,0
  88               		.stabs	"uint_fast32_t:t(4,24)=(4,6)",128,0,242,0
  89               		.stabs	"int_fast64_t:t(4,25)=(4,7)",128,0,250,0
  90               		.stabs	"uint_fast64_t:t(4,26)=(4,8)",128,0,257,0
  91               		.stabs	"intmax_t:t(4,27)=(4,7)",128,0,277,0
  92               		.stabs	"uintmax_t:t(4,28)=(4,8)",128,0,282,0
  93               		.stabn	162,0,0,0
  94               		.stabn	162,0,0,0
  95               		.stabs	"int_farptr_t:t(2,1)=(4,5)",128,0,77,0
  96               		.stabs	"uint_farptr_t:t(2,2)=(4,6)",128,0,81,0
  97               		.stabn	162,0,0,0
  98               		.stabn	162,0,0,0
  99               		.stabs	"/usr/lib/avr/include/avr/io.h",130,0,0,0
 100               		.stabs	"/usr/lib/avr/include/avr/fuse.h",130,0,0,0
 101               		.stabs	"__fuse_t:t(6,1)=(6,2)=s3low:(0,13),0,8;high:(0,13),8,8;extended:(0,13),16,8;;",128,0,244,0
 102               		.stabn	162,0,0,0
 103               		.stabn	162,0,0,0
 104               		.stabs	"../include/libttycom.h",130,0,0,0
 105               		.stabs	"u8:t(7,1)=(0,13)",128,0,9,0
 106               		.stabs	"MODE:T(7,2)=eRX:1,TX:2,RXTX:3,;",128,0,0,0
 107               		.stabn	162,0,0,0
 108               		.stabs	"../include/USBAPI.h",130,0,0,0
 109               		.stabs	"../include/Platform.h",130,0,0,0
 110               		.stabs	"/usr/lib/avr/include/stdlib.h",130,0,0,0
 111               		.stabs	"/usr/lib/gcc/avr/5.4.0/include/stddef.h",130,0,0,0
 112               		.stabs	"size_t:t(11,1)=(0,4)",128,0,216,0
 113               		.stabs	"wchar_t:t(11,2)=(0,1)",128,0,328,0
 114               		.stabn	162,0,0,0
GAS LISTING /tmp/ccoqLvyT.s 			page 3


 115               		.stabs	"div_t:t(10,1)=(10,2)=s4quot:(0,1),0,16;rem:(0,1),16,16;;",128,0,73,0
 116               		.stabs	"ldiv_t:t(10,3)=(10,4)=s8quot:(0,3),0,32;rem:(0,3),32,32;;",128,0,79,0
 117               		.stabs	"__compar_fn_t:t(10,5)=(10,6)=*(10,7)=f(0,1)",128,0,82,0
 118               		.stabn	162,0,0,0
 119               		.stabs	"/usr/lib/avr/include/avr/eeprom.h",130,0,0,0
 120               		.stabs	"/usr/lib/gcc/avr/5.4.0/include/stddef.h",130,0,0,0
 121               		.stabs	"ptrdiff_t:t(13,1)=(0,1)",128,0,149,0
 122               		.stabs	"max_align_t:t(13,2)=(13,3)=s12__max_align_ll:(0,8),0,64;__max_align_ld:(0,16),64,32;;",128
 123               		.stabn	162,0,0,0
 124               		.stabn	162,0,0,0
 125               		.stabs	"u16:t(9,1)=(0,11)",128,0,18,0
 126               		.stabs	"u32:t(9,2)=(0,5)",128,0,19,0
 127               		.stabs	"word:t(9,3)=(0,4)",128,0,103,0
 128               		.stabs	"bool:t(9,4)=(4,2)",128,0,107,0
 129               		.stabs	"byte:t(9,5)=(4,2)",128,0,108,0
 130               		.stabn	162,0,0,0
 131               		.stabs	"Setup:t(8,1)=(8,2)=s8bmRequestType:(4,2),0,8;bRequest:(4,2),8,8;wValueL:(4,2),16,8;wValueH
 132               		.stabn	162,0,0,0
 133               		.section	.text.init_olimexIno,"ax",@progbits
 134               		.stabs	"init_olimexIno:F(0,49)",36,0,14,init_olimexIno
 135               	.global	init_olimexIno
 136               		.type	init_olimexIno, @function
 137               	init_olimexIno:
 138               		.stabd	46,0,0
   1:libttycom.c   **** /*
   2:libttycom.c   ****  * Bibliothèque de pilotage de  l'afficheur EzDisplay
   3:libttycom.c   ****  * Auteurr M.Bernier
   4:libttycom.c   ****  * Date : 12/10/2008
   5:libttycom.c   **** */
   6:libttycom.c   **** #define F_CPU 16000000UL
   7:libttycom.c   **** #include <util/delay.h>
   8:libttycom.c   **** #include <avr/io.h>
   9:libttycom.c   **** #include <avr/wdt.h>
  10:libttycom.c   **** #include"libttycom.h"
  11:libttycom.c   **** #include "USBAPI.h"
  12:libttycom.c   **** 
  13:libttycom.c   **** 
  14:libttycom.c   **** void init_olimexIno(){
 139               		.stabn	68,0,14,.LM0-.LFBB1
 140               	.LM0:
 141               	.LFBB1:
 142               	/* prologue: function */
 143               	/* frame size = 0 */
 144               	/* stack size = 0 */
 145               	.L__stack_usage = 0
  15:libttycom.c   ****   //Déactivation les interruptions du bootloader !!!
  16:libttycom.c   ****   TIMSK0=0;TIMSK1=0;  //TIMSK2=0;  
 146               		.stabn	68,0,16,.LM1-.LFBB1
 147               	.LM1:
 148 0000 1092 6E00 		sts 110,__zero_reg__
 149 0004 1092 6F00 		sts 111,__zero_reg__
  17:libttycom.c   ****   TIMSK3=0;TIMSK4=0;  //TIMSK5=0;
 150               		.stabn	68,0,17,.LM2-.LFBB1
 151               	.LM2:
 152 0008 1092 7100 		sts 113,__zero_reg__
 153 000c 1092 7200 		sts 114,__zero_reg__
  18:libttycom.c   ****   //initiatisation pour la bibliothèque arduino
GAS LISTING /tmp/ccoqLvyT.s 			page 4


  19:libttycom.c   ****   TCCR0A=0;
 154               		.stabn	68,0,19,.LM3-.LFBB1
 155               	.LM3:
 156 0010 14BC      		out 0x24,__zero_reg__
  20:libttycom.c   ****   TCCR0B=3;
 157               		.stabn	68,0,20,.LM4-.LFBB1
 158               	.LM4:
 159 0012 83E0      		ldi r24,lo8(3)
 160 0014 85BD      		out 0x25,r24
 161               	.LBB7:
 162               	.LBB8:
 163               		.stabs	"/usr/lib/avr/include/avr/wdt.h",132,0,0,.Ltext1
 164               	.Ltext1:
   1:/usr/lib/avr/include/avr/wdt.h **** /* Copyright (c) 2002, 2004 Marek Michalkiewicz
   2:/usr/lib/avr/include/avr/wdt.h ****    Copyright (c) 2005, 2006, 2007 Eric B. Weddington
   3:/usr/lib/avr/include/avr/wdt.h ****    All rights reserved.
   4:/usr/lib/avr/include/avr/wdt.h **** 
   5:/usr/lib/avr/include/avr/wdt.h ****    Redistribution and use in source and binary forms, with or without
   6:/usr/lib/avr/include/avr/wdt.h ****    modification, are permitted provided that the following conditions are met:
   7:/usr/lib/avr/include/avr/wdt.h **** 
   8:/usr/lib/avr/include/avr/wdt.h ****    * Redistributions of source code must retain the above copyright
   9:/usr/lib/avr/include/avr/wdt.h ****      notice, this list of conditions and the following disclaimer.
  10:/usr/lib/avr/include/avr/wdt.h **** 
  11:/usr/lib/avr/include/avr/wdt.h ****    * Redistributions in binary form must reproduce the above copyright
  12:/usr/lib/avr/include/avr/wdt.h ****      notice, this list of conditions and the following disclaimer in
  13:/usr/lib/avr/include/avr/wdt.h ****      the documentation and/or other materials provided with the
  14:/usr/lib/avr/include/avr/wdt.h ****      distribution.
  15:/usr/lib/avr/include/avr/wdt.h **** 
  16:/usr/lib/avr/include/avr/wdt.h ****    * Neither the name of the copyright holders nor the names of
  17:/usr/lib/avr/include/avr/wdt.h ****      contributors may be used to endorse or promote products derived
  18:/usr/lib/avr/include/avr/wdt.h ****      from this software without specific prior written permission.
  19:/usr/lib/avr/include/avr/wdt.h **** 
  20:/usr/lib/avr/include/avr/wdt.h ****   THIS SOFTWARE IS PROVIDED BY THE COPYRIGHT HOLDERS AND CONTRIBUTORS "AS IS"
  21:/usr/lib/avr/include/avr/wdt.h ****   AND ANY EXPRESS OR IMPLIED WARRANTIES, INCLUDING, BUT NOT LIMITED TO, THE
  22:/usr/lib/avr/include/avr/wdt.h ****   IMPLIED WARRANTIES OF MERCHANTABILITY AND FITNESS FOR A PARTICULAR PURPOSE
  23:/usr/lib/avr/include/avr/wdt.h ****   ARE DISCLAIMED. IN NO EVENT SHALL THE COPYRIGHT OWNER OR CONTRIBUTORS BE
  24:/usr/lib/avr/include/avr/wdt.h ****   LIABLE FOR ANY DIRECT, INDIRECT, INCIDENTAL, SPECIAL, EXEMPLARY, OR
  25:/usr/lib/avr/include/avr/wdt.h ****   CONSEQUENTIAL DAMAGES (INCLUDING, BUT NOT LIMITED TO, PROCUREMENT OF
  26:/usr/lib/avr/include/avr/wdt.h ****   SUBSTITUTE GOODS OR SERVICES; LOSS OF USE, DATA, OR PROFITS; OR BUSINESS
  27:/usr/lib/avr/include/avr/wdt.h ****   INTERRUPTION) HOWEVER CAUSED AND ON ANY THEORY OF LIABILITY, WHETHER IN
  28:/usr/lib/avr/include/avr/wdt.h ****   CONTRACT, STRICT LIABILITY, OR TORT (INCLUDING NEGLIGENCE OR OTHERWISE)
  29:/usr/lib/avr/include/avr/wdt.h ****   ARISING IN ANY WAY OUT OF THE USE OF THIS SOFTWARE, EVEN IF ADVISED OF THE
  30:/usr/lib/avr/include/avr/wdt.h ****   POSSIBILITY OF SUCH DAMAGE. */
  31:/usr/lib/avr/include/avr/wdt.h **** 
  32:/usr/lib/avr/include/avr/wdt.h **** /* $Id$ */
  33:/usr/lib/avr/include/avr/wdt.h **** 
  34:/usr/lib/avr/include/avr/wdt.h **** /*
  35:/usr/lib/avr/include/avr/wdt.h ****    avr/wdt.h - macros for AVR watchdog timer
  36:/usr/lib/avr/include/avr/wdt.h ****  */
  37:/usr/lib/avr/include/avr/wdt.h **** 
  38:/usr/lib/avr/include/avr/wdt.h **** #ifndef _AVR_WDT_H_
  39:/usr/lib/avr/include/avr/wdt.h **** #define _AVR_WDT_H_
  40:/usr/lib/avr/include/avr/wdt.h **** 
  41:/usr/lib/avr/include/avr/wdt.h **** #include <avr/io.h>
  42:/usr/lib/avr/include/avr/wdt.h **** #include <stdint.h>
  43:/usr/lib/avr/include/avr/wdt.h **** 
  44:/usr/lib/avr/include/avr/wdt.h **** /** \file */
GAS LISTING /tmp/ccoqLvyT.s 			page 5


  45:/usr/lib/avr/include/avr/wdt.h **** /** \defgroup avr_watchdog <avr/wdt.h>: Watchdog timer handling
  46:/usr/lib/avr/include/avr/wdt.h ****     \code #include <avr/wdt.h> \endcode
  47:/usr/lib/avr/include/avr/wdt.h **** 
  48:/usr/lib/avr/include/avr/wdt.h ****     This header file declares the interface to some inline macros
  49:/usr/lib/avr/include/avr/wdt.h ****     handling the watchdog timer present in many AVR devices.  In order
  50:/usr/lib/avr/include/avr/wdt.h ****     to prevent the watchdog timer configuration from being
  51:/usr/lib/avr/include/avr/wdt.h ****     accidentally altered by a crashing application, a special timed
  52:/usr/lib/avr/include/avr/wdt.h ****     sequence is required in order to change it.  The macros within
  53:/usr/lib/avr/include/avr/wdt.h ****     this header file handle the required sequence automatically
  54:/usr/lib/avr/include/avr/wdt.h ****     before changing any value.  Interrupts will be disabled during
  55:/usr/lib/avr/include/avr/wdt.h ****     the manipulation.
  56:/usr/lib/avr/include/avr/wdt.h **** 
  57:/usr/lib/avr/include/avr/wdt.h ****     \note Depending on the fuse configuration of the particular
  58:/usr/lib/avr/include/avr/wdt.h ****     device, further restrictions might apply, in particular it might
  59:/usr/lib/avr/include/avr/wdt.h ****     be disallowed to turn off the watchdog timer.
  60:/usr/lib/avr/include/avr/wdt.h **** 
  61:/usr/lib/avr/include/avr/wdt.h ****     Note that for newer devices (ATmega88 and newer, effectively any
  62:/usr/lib/avr/include/avr/wdt.h ****     AVR that has the option to also generate interrupts), the watchdog
  63:/usr/lib/avr/include/avr/wdt.h ****     timer remains active even after a system reset (except a power-on
  64:/usr/lib/avr/include/avr/wdt.h ****     condition), using the fastest prescaler value (approximately 15
  65:/usr/lib/avr/include/avr/wdt.h ****     ms).  It is therefore required to turn off the watchdog early
  66:/usr/lib/avr/include/avr/wdt.h ****     during program startup, the datasheet recommends a sequence like
  67:/usr/lib/avr/include/avr/wdt.h ****     the following:
  68:/usr/lib/avr/include/avr/wdt.h **** 
  69:/usr/lib/avr/include/avr/wdt.h ****     \code
  70:/usr/lib/avr/include/avr/wdt.h ****     #include <stdint.h>
  71:/usr/lib/avr/include/avr/wdt.h ****     #include <avr/wdt.h>
  72:/usr/lib/avr/include/avr/wdt.h **** 
  73:/usr/lib/avr/include/avr/wdt.h ****     uint8_t mcusr_mirror __attribute__ ((section (".noinit")));
  74:/usr/lib/avr/include/avr/wdt.h **** 
  75:/usr/lib/avr/include/avr/wdt.h ****     void get_mcusr(void) \
  76:/usr/lib/avr/include/avr/wdt.h ****       __attribute__((naked)) \
  77:/usr/lib/avr/include/avr/wdt.h ****       __attribute__((section(".init3")));
  78:/usr/lib/avr/include/avr/wdt.h ****     void get_mcusr(void)
  79:/usr/lib/avr/include/avr/wdt.h ****     {
  80:/usr/lib/avr/include/avr/wdt.h ****       mcusr_mirror = MCUSR;
  81:/usr/lib/avr/include/avr/wdt.h ****       MCUSR = 0;
  82:/usr/lib/avr/include/avr/wdt.h ****       wdt_disable();
  83:/usr/lib/avr/include/avr/wdt.h ****     }
  84:/usr/lib/avr/include/avr/wdt.h ****     \endcode
  85:/usr/lib/avr/include/avr/wdt.h **** 
  86:/usr/lib/avr/include/avr/wdt.h ****     Saving the value of MCUSR in \c mcusr_mirror is only needed if the
  87:/usr/lib/avr/include/avr/wdt.h ****     application later wants to examine the reset source, but in particular, 
  88:/usr/lib/avr/include/avr/wdt.h ****     clearing the watchdog reset flag before disabling the
  89:/usr/lib/avr/include/avr/wdt.h ****     watchdog is required, according to the datasheet.
  90:/usr/lib/avr/include/avr/wdt.h **** */
  91:/usr/lib/avr/include/avr/wdt.h **** 
  92:/usr/lib/avr/include/avr/wdt.h **** /**
  93:/usr/lib/avr/include/avr/wdt.h ****    \ingroup avr_watchdog
  94:/usr/lib/avr/include/avr/wdt.h ****    Reset the watchdog timer.  When the watchdog timer is enabled,
  95:/usr/lib/avr/include/avr/wdt.h ****    a call to this instruction is required before the timer expires,
  96:/usr/lib/avr/include/avr/wdt.h ****    otherwise a watchdog-initiated device reset will occur. 
  97:/usr/lib/avr/include/avr/wdt.h **** */
  98:/usr/lib/avr/include/avr/wdt.h **** 
  99:/usr/lib/avr/include/avr/wdt.h **** #define wdt_reset() __asm__ __volatile__ ("wdr")
 100:/usr/lib/avr/include/avr/wdt.h **** 
 101:/usr/lib/avr/include/avr/wdt.h **** #ifndef __DOXYGEN__
GAS LISTING /tmp/ccoqLvyT.s 			page 6


 102:/usr/lib/avr/include/avr/wdt.h **** 
 103:/usr/lib/avr/include/avr/wdt.h **** #if defined(WDP3)
 104:/usr/lib/avr/include/avr/wdt.h **** # define _WD_PS3_MASK       _BV(WDP3)
 105:/usr/lib/avr/include/avr/wdt.h **** #else
 106:/usr/lib/avr/include/avr/wdt.h **** # define _WD_PS3_MASK       0x00
 107:/usr/lib/avr/include/avr/wdt.h **** #endif
 108:/usr/lib/avr/include/avr/wdt.h **** 
 109:/usr/lib/avr/include/avr/wdt.h **** #if defined(WDTCSR)
 110:/usr/lib/avr/include/avr/wdt.h **** #  define _WD_CONTROL_REG     WDTCSR
 111:/usr/lib/avr/include/avr/wdt.h **** #elif defined(WDTCR)
 112:/usr/lib/avr/include/avr/wdt.h **** #  define _WD_CONTROL_REG     WDTCR
 113:/usr/lib/avr/include/avr/wdt.h **** #else
 114:/usr/lib/avr/include/avr/wdt.h **** #  define _WD_CONTROL_REG     WDT
 115:/usr/lib/avr/include/avr/wdt.h **** #endif
 116:/usr/lib/avr/include/avr/wdt.h **** 
 117:/usr/lib/avr/include/avr/wdt.h **** #if defined(WDTOE)
 118:/usr/lib/avr/include/avr/wdt.h **** #define _WD_CHANGE_BIT      WDTOE
 119:/usr/lib/avr/include/avr/wdt.h **** #else
 120:/usr/lib/avr/include/avr/wdt.h **** #define _WD_CHANGE_BIT      WDCE
 121:/usr/lib/avr/include/avr/wdt.h **** #endif
 122:/usr/lib/avr/include/avr/wdt.h **** 
 123:/usr/lib/avr/include/avr/wdt.h **** #endif	/* !__DOXYGEN__ */
 124:/usr/lib/avr/include/avr/wdt.h **** 
 125:/usr/lib/avr/include/avr/wdt.h **** 
 126:/usr/lib/avr/include/avr/wdt.h **** /**
 127:/usr/lib/avr/include/avr/wdt.h ****    \ingroup avr_watchdog
 128:/usr/lib/avr/include/avr/wdt.h ****    Enable the watchdog timer, configuring it for expiry after
 129:/usr/lib/avr/include/avr/wdt.h ****    \c timeout (which is a combination of the \c WDP0 through
 130:/usr/lib/avr/include/avr/wdt.h ****    \c WDP2 bits to write into the \c WDTCR register; For those devices 
 131:/usr/lib/avr/include/avr/wdt.h ****    that have a \c WDTCSR register, it uses the combination of the \c WDP0 
 132:/usr/lib/avr/include/avr/wdt.h ****    through \c WDP3 bits).
 133:/usr/lib/avr/include/avr/wdt.h **** 
 134:/usr/lib/avr/include/avr/wdt.h ****    See also the symbolic constants \c WDTO_15MS et al.
 135:/usr/lib/avr/include/avr/wdt.h **** */
 136:/usr/lib/avr/include/avr/wdt.h **** 
 137:/usr/lib/avr/include/avr/wdt.h **** 
 138:/usr/lib/avr/include/avr/wdt.h **** #if defined(__AVR_XMEGA__)
 139:/usr/lib/avr/include/avr/wdt.h **** 
 140:/usr/lib/avr/include/avr/wdt.h **** #if defined (WDT_CTRLA) && !defined(RAMPD)
 141:/usr/lib/avr/include/avr/wdt.h **** 
 142:/usr/lib/avr/include/avr/wdt.h **** #define wdt_enable(timeout) \
 143:/usr/lib/avr/include/avr/wdt.h **** do { \
 144:/usr/lib/avr/include/avr/wdt.h **** uint8_t temp; \
 145:/usr/lib/avr/include/avr/wdt.h **** __asm__ __volatile__ ( \
 146:/usr/lib/avr/include/avr/wdt.h **** 	"wdr"									"\n\t" \
 147:/usr/lib/avr/include/avr/wdt.h **** 	"out %[ccp_reg], %[ioreg_cen_mask]"		"\n\t" \
 148:/usr/lib/avr/include/avr/wdt.h **** 	"lds %[tmp], %[wdt_reg]"				"\n\t" \
 149:/usr/lib/avr/include/avr/wdt.h **** 	"sbr %[tmp], %[wdt_enable_timeout]"		"\n\t" \
 150:/usr/lib/avr/include/avr/wdt.h **** 	"sts %[wdt_reg], %[tmp]"				"\n\t" \
 151:/usr/lib/avr/include/avr/wdt.h **** 	"1:lds %[tmp], %[wdt_status_reg]"		"\n\t" \
 152:/usr/lib/avr/include/avr/wdt.h **** 	"sbrc %[tmp], %[wdt_syncbusy_bit]"		"\n\t" \
 153:/usr/lib/avr/include/avr/wdt.h **** 	"rjmp 1b"								"\n\t" \
 154:/usr/lib/avr/include/avr/wdt.h **** 	: [tmp]					"=r" (temp) \
 155:/usr/lib/avr/include/avr/wdt.h **** 	: [ccp_reg]				"I"  (_SFR_IO_ADDR(CCP)), \
 156:/usr/lib/avr/include/avr/wdt.h **** 	  [ioreg_cen_mask]		"r"  ((uint8_t)CCP_IOREG_gc), \
 157:/usr/lib/avr/include/avr/wdt.h **** 	  [wdt_reg]				"n"  (_SFR_MEM_ADDR(WDT_CTRLA)), \
 158:/usr/lib/avr/include/avr/wdt.h **** 	  [wdt_enable_timeout]	"M"  (timeout), \
GAS LISTING /tmp/ccoqLvyT.s 			page 7


 159:/usr/lib/avr/include/avr/wdt.h **** 	  [wdt_status_reg]		"n"  (_SFR_MEM_ADDR(WDT_STATUS)), \
 160:/usr/lib/avr/include/avr/wdt.h **** 	  [wdt_syncbusy_bit]	"I"  (WDT_SYNCBUSY_bm) \
 161:/usr/lib/avr/include/avr/wdt.h **** ); \
 162:/usr/lib/avr/include/avr/wdt.h **** } while(0)
 163:/usr/lib/avr/include/avr/wdt.h **** 
 164:/usr/lib/avr/include/avr/wdt.h **** #define wdt_disable() \
 165:/usr/lib/avr/include/avr/wdt.h **** do { \
 166:/usr/lib/avr/include/avr/wdt.h **** uint8_t temp; \
 167:/usr/lib/avr/include/avr/wdt.h **** __asm__ __volatile__ (  \
 168:/usr/lib/avr/include/avr/wdt.h **** 	"wdr"								"\n\t" \
 169:/usr/lib/avr/include/avr/wdt.h **** 	"out %[ccp_reg], %[ioreg_cen_mask]" "\n\t" \
 170:/usr/lib/avr/include/avr/wdt.h **** 	"lds %[tmp], %[wdt_reg]"			"\n\t" \
 171:/usr/lib/avr/include/avr/wdt.h **** 	"cbr %[tmp], %[timeout_mask]"       "\n\t" \
 172:/usr/lib/avr/include/avr/wdt.h **** 	"sts %[wdt_reg], %[tmp]"			"\n\t" \
 173:/usr/lib/avr/include/avr/wdt.h ****     : [tmp]            "=r" (temp) \
 174:/usr/lib/avr/include/avr/wdt.h ****     : [ccp_reg]        "I" (_SFR_IO_ADDR(CCP)),       \
 175:/usr/lib/avr/include/avr/wdt.h ****       [ioreg_cen_mask] "r" ((uint8_t)CCP_IOREG_gc),   \
 176:/usr/lib/avr/include/avr/wdt.h ****       [wdt_reg]        "n" (_SFR_MEM_ADDR(WDT_CTRLA)),\
 177:/usr/lib/avr/include/avr/wdt.h ****       [timeout_mask]   "I" (WDT_PERIOD_gm) \
 178:/usr/lib/avr/include/avr/wdt.h **** ); \
 179:/usr/lib/avr/include/avr/wdt.h **** } while(0)
 180:/usr/lib/avr/include/avr/wdt.h **** 
 181:/usr/lib/avr/include/avr/wdt.h **** #else // defined (WDT_CTRLA) && !defined(RAMPD)
 182:/usr/lib/avr/include/avr/wdt.h **** 
 183:/usr/lib/avr/include/avr/wdt.h **** /*
 184:/usr/lib/avr/include/avr/wdt.h ****    wdt_enable(timeout) for xmega devices
 185:/usr/lib/avr/include/avr/wdt.h **** ** write signature (CCP_IOREG_gc) that enables change of protected I/O
 186:/usr/lib/avr/include/avr/wdt.h ****    registers to the CCP register
 187:/usr/lib/avr/include/avr/wdt.h **** ** At the same time,
 188:/usr/lib/avr/include/avr/wdt.h ****    1) set WDT change enable (WDT_CEN_bm)
 189:/usr/lib/avr/include/avr/wdt.h ****    2) enable WDT (WDT_ENABLE_bm)
 190:/usr/lib/avr/include/avr/wdt.h ****    3) set timeout (timeout)
 191:/usr/lib/avr/include/avr/wdt.h **** ** Synchronization starts when ENABLE bit of WDT is set. So, wait till it
 192:/usr/lib/avr/include/avr/wdt.h ****    finishes (SYNCBUSY of STATUS register is automatically cleared after the
 193:/usr/lib/avr/include/avr/wdt.h ****    sync is finished).
 194:/usr/lib/avr/include/avr/wdt.h **** */
 195:/usr/lib/avr/include/avr/wdt.h **** #define wdt_enable(timeout) \
 196:/usr/lib/avr/include/avr/wdt.h **** do { \
 197:/usr/lib/avr/include/avr/wdt.h **** uint8_t temp; \
 198:/usr/lib/avr/include/avr/wdt.h **** __asm__ __volatile__ (         \
 199:/usr/lib/avr/include/avr/wdt.h ****     "in __tmp_reg__, %[rampd]"              "\n\t" \
 200:/usr/lib/avr/include/avr/wdt.h ****     "out %[rampd], __zero_reg__"            "\n\t" \
 201:/usr/lib/avr/include/avr/wdt.h ****     "out %[ccp_reg], %[ioreg_cen_mask]"     "\n\t" \
 202:/usr/lib/avr/include/avr/wdt.h ****     "sts %[wdt_reg], %[wdt_enable_timeout]" "\n\t" \
 203:/usr/lib/avr/include/avr/wdt.h ****     "1:lds %[tmp], %[wdt_status_reg]"       "\n\t" \
 204:/usr/lib/avr/include/avr/wdt.h ****     "sbrc %[tmp], %[wdt_syncbusy_bit]"      "\n\t" \
 205:/usr/lib/avr/include/avr/wdt.h ****     "rjmp 1b"                               "\n\t" \
 206:/usr/lib/avr/include/avr/wdt.h ****     "out %[rampd], __tmp_reg__"             "\n\t" \
 207:/usr/lib/avr/include/avr/wdt.h ****     : [tmp]                "=r" (temp) \
 208:/usr/lib/avr/include/avr/wdt.h ****     : [rampd]              "I" (_SFR_IO_ADDR(RAMPD)),      \
 209:/usr/lib/avr/include/avr/wdt.h ****       [ccp_reg]            "I" (_SFR_IO_ADDR(CCP)),        \
 210:/usr/lib/avr/include/avr/wdt.h ****       [ioreg_cen_mask]     "r" ((uint8_t)CCP_IOREG_gc),     \
 211:/usr/lib/avr/include/avr/wdt.h ****       [wdt_reg]            "n" (_SFR_MEM_ADDR(WDT_CTRL)),   \
 212:/usr/lib/avr/include/avr/wdt.h ****       [wdt_enable_timeout] "r" ((uint8_t)(WDT_CEN_bm | WDT_ENABLE_bm | timeout)), \
 213:/usr/lib/avr/include/avr/wdt.h ****       [wdt_status_reg]     "n" (_SFR_MEM_ADDR(WDT_STATUS)), \
 214:/usr/lib/avr/include/avr/wdt.h ****       [wdt_syncbusy_bit]   "I" (WDT_SYNCBUSY_bm)            \
 215:/usr/lib/avr/include/avr/wdt.h ****     : "r0" \
GAS LISTING /tmp/ccoqLvyT.s 			page 8


 216:/usr/lib/avr/include/avr/wdt.h **** ); \
 217:/usr/lib/avr/include/avr/wdt.h **** } while(0)
 218:/usr/lib/avr/include/avr/wdt.h **** 
 219:/usr/lib/avr/include/avr/wdt.h **** #define wdt_disable() \
 220:/usr/lib/avr/include/avr/wdt.h **** __asm__ __volatile__ (  \
 221:/usr/lib/avr/include/avr/wdt.h ****     "in __tmp_reg__, %[rampd]"          "\n\t" \
 222:/usr/lib/avr/include/avr/wdt.h ****     "out %[rampd], __zero_reg__"        "\n\t" \
 223:/usr/lib/avr/include/avr/wdt.h ****     "out %[ccp_reg], %[ioreg_cen_mask]" "\n\t" \
 224:/usr/lib/avr/include/avr/wdt.h ****     "sts %[wdt_reg], %[disable_mask]"   "\n\t" \
 225:/usr/lib/avr/include/avr/wdt.h ****     "out %[rampd], __tmp_reg__"         "\n\t" \
 226:/usr/lib/avr/include/avr/wdt.h ****     : \
 227:/usr/lib/avr/include/avr/wdt.h ****     : [rampd]             "I" (_SFR_IO_ADDR(RAMPD)),    \
 228:/usr/lib/avr/include/avr/wdt.h ****       [ccp_reg]           "I" (_SFR_IO_ADDR(CCP)),      \
 229:/usr/lib/avr/include/avr/wdt.h ****       [ioreg_cen_mask]    "r" ((uint8_t)CCP_IOREG_gc),   \
 230:/usr/lib/avr/include/avr/wdt.h ****       [wdt_reg]           "n" (_SFR_MEM_ADDR(WDT_CTRL)), \
 231:/usr/lib/avr/include/avr/wdt.h ****       [disable_mask]      "r" ((uint8_t)((~WDT_ENABLE_bm) | WDT_CEN_bm)) \
 232:/usr/lib/avr/include/avr/wdt.h ****     : "r0" \
 233:/usr/lib/avr/include/avr/wdt.h **** );
 234:/usr/lib/avr/include/avr/wdt.h **** 
 235:/usr/lib/avr/include/avr/wdt.h **** #endif // defined (WDT_CTRLA) && !defined(RAMPD)
 236:/usr/lib/avr/include/avr/wdt.h **** 
 237:/usr/lib/avr/include/avr/wdt.h **** #elif defined(__AVR_TINY__)
 238:/usr/lib/avr/include/avr/wdt.h **** 
 239:/usr/lib/avr/include/avr/wdt.h **** #define wdt_enable(value) \
 240:/usr/lib/avr/include/avr/wdt.h **** __asm__ __volatile__ ( \
 241:/usr/lib/avr/include/avr/wdt.h ****     "in __tmp_reg__,__SREG__" "\n\t"  \
 242:/usr/lib/avr/include/avr/wdt.h ****     "cli" "\n\t"  \
 243:/usr/lib/avr/include/avr/wdt.h ****     "wdr" "\n\t"  \
 244:/usr/lib/avr/include/avr/wdt.h ****     "out %[CCPADDRESS],%[SIGNATURE]" "\n\t"  \
 245:/usr/lib/avr/include/avr/wdt.h ****     "out %[WDTREG],%[WDVALUE]" "\n\t"  \
 246:/usr/lib/avr/include/avr/wdt.h ****     "out __SREG__,__tmp_reg__" "\n\t"  \
 247:/usr/lib/avr/include/avr/wdt.h ****     : /* no outputs */  \
 248:/usr/lib/avr/include/avr/wdt.h ****     : [CCPADDRESS] "I" (_SFR_IO_ADDR(CCP)),  \
 249:/usr/lib/avr/include/avr/wdt.h ****       [SIGNATURE] "r" ((uint8_t)0xD8), \
 250:/usr/lib/avr/include/avr/wdt.h ****       [WDTREG] "I" (_SFR_IO_ADDR(_WD_CONTROL_REG)), \
 251:/usr/lib/avr/include/avr/wdt.h ****       [WDVALUE] "r" ((uint8_t)((value & 0x08 ? _WD_PS3_MASK : 0x00) \
 252:/usr/lib/avr/include/avr/wdt.h ****       | _BV(WDE) | (value & 0x07) )) \
 253:/usr/lib/avr/include/avr/wdt.h ****     : "r16" \
 254:/usr/lib/avr/include/avr/wdt.h **** )
 255:/usr/lib/avr/include/avr/wdt.h **** 
 256:/usr/lib/avr/include/avr/wdt.h **** #define wdt_disable() \
 257:/usr/lib/avr/include/avr/wdt.h **** do { \
 258:/usr/lib/avr/include/avr/wdt.h **** uint8_t temp_wd; \
 259:/usr/lib/avr/include/avr/wdt.h **** __asm__ __volatile__ ( \
 260:/usr/lib/avr/include/avr/wdt.h ****     "in __tmp_reg__,__SREG__" "\n\t"  \
 261:/usr/lib/avr/include/avr/wdt.h ****     "cli" "\n\t"  \
 262:/usr/lib/avr/include/avr/wdt.h ****     "wdr" "\n\t"  \
 263:/usr/lib/avr/include/avr/wdt.h ****     "out %[CCPADDRESS],%[SIGNATURE]" "\n\t"  \
 264:/usr/lib/avr/include/avr/wdt.h ****     "in  %[TEMP_WD],%[WDTREG]" "\n\t" \
 265:/usr/lib/avr/include/avr/wdt.h ****     "cbr %[TEMP_WD],%[WDVALUE]" "\n\t" \
 266:/usr/lib/avr/include/avr/wdt.h ****     "out %[WDTREG],%[TEMP_WD]" "\n\t" \
 267:/usr/lib/avr/include/avr/wdt.h ****     "out __SREG__,__tmp_reg__" "\n\t" \
 268:/usr/lib/avr/include/avr/wdt.h ****     : /*no output */ \
 269:/usr/lib/avr/include/avr/wdt.h ****     : [CCPADDRESS] "I" (_SFR_IO_ADDR(CCP)), \
 270:/usr/lib/avr/include/avr/wdt.h ****       [SIGNATURE] "r" ((uint8_t)0xD8), \
 271:/usr/lib/avr/include/avr/wdt.h ****       [WDTREG] "I" (_SFR_IO_ADDR(_WD_CONTROL_REG)), \
 272:/usr/lib/avr/include/avr/wdt.h ****       [TEMP_WD] "d" (temp_wd), \
GAS LISTING /tmp/ccoqLvyT.s 			page 9


 273:/usr/lib/avr/include/avr/wdt.h ****       [WDVALUE] "n" (1 << WDE) \
 274:/usr/lib/avr/include/avr/wdt.h ****     : "r16" \
 275:/usr/lib/avr/include/avr/wdt.h **** ); \
 276:/usr/lib/avr/include/avr/wdt.h **** }while(0)
 277:/usr/lib/avr/include/avr/wdt.h **** 
 278:/usr/lib/avr/include/avr/wdt.h **** #elif defined(CCP)
 279:/usr/lib/avr/include/avr/wdt.h **** 
 280:/usr/lib/avr/include/avr/wdt.h **** static __inline__
 281:/usr/lib/avr/include/avr/wdt.h **** __attribute__ ((__always_inline__))
 282:/usr/lib/avr/include/avr/wdt.h **** void wdt_enable (const uint8_t value)
 283:/usr/lib/avr/include/avr/wdt.h **** {
 284:/usr/lib/avr/include/avr/wdt.h **** 	if (!_SFR_IO_REG_P (CCP) && !_SFR_IO_REG_P (_WD_CONTROL_REG))
 285:/usr/lib/avr/include/avr/wdt.h **** 	{
 286:/usr/lib/avr/include/avr/wdt.h **** 		__asm__ __volatile__ (
 287:/usr/lib/avr/include/avr/wdt.h **** 			"in __tmp_reg__,__SREG__" "\n\t"
 288:/usr/lib/avr/include/avr/wdt.h **** 			"cli" "\n\t"
 289:/usr/lib/avr/include/avr/wdt.h **** 			"wdr" "\n\t"
 290:/usr/lib/avr/include/avr/wdt.h **** 			"sts %[CCPADDRESS],%[SIGNATURE]" "\n\t"
 291:/usr/lib/avr/include/avr/wdt.h **** 			"sts %[WDTREG],%[WDVALUE]" "\n\t"
 292:/usr/lib/avr/include/avr/wdt.h **** 			"out __SREG__,__tmp_reg__" "\n\t"
 293:/usr/lib/avr/include/avr/wdt.h **** 			: /* no outputs */
 294:/usr/lib/avr/include/avr/wdt.h **** 			: [CCPADDRESS] "n" (_SFR_MEM_ADDR(CCP)),
 295:/usr/lib/avr/include/avr/wdt.h **** 			[SIGNATURE] "r" ((uint8_t)0xD8),
 296:/usr/lib/avr/include/avr/wdt.h **** 			[WDTREG] "n" (_SFR_MEM_ADDR(_WD_CONTROL_REG)),
 297:/usr/lib/avr/include/avr/wdt.h **** 			[WDVALUE] "r" ((uint8_t)((value & 0x08 ? _WD_PS3_MASK : 0x00)
 298:/usr/lib/avr/include/avr/wdt.h **** 				| _BV(WDE) | (value & 0x07) ))
 299:/usr/lib/avr/include/avr/wdt.h **** 			: "r0"
 300:/usr/lib/avr/include/avr/wdt.h **** 			);
 301:/usr/lib/avr/include/avr/wdt.h **** 	}
 302:/usr/lib/avr/include/avr/wdt.h **** 	else if (!_SFR_IO_REG_P (CCP) && _SFR_IO_REG_P (_WD_CONTROL_REG))
 303:/usr/lib/avr/include/avr/wdt.h **** 	{
 304:/usr/lib/avr/include/avr/wdt.h **** 		__asm__ __volatile__ (
 305:/usr/lib/avr/include/avr/wdt.h **** 			"in __tmp_reg__,__SREG__" "\n\t"
 306:/usr/lib/avr/include/avr/wdt.h **** 			"cli" "\n\t"
 307:/usr/lib/avr/include/avr/wdt.h **** 			"wdr" "\n\t"
 308:/usr/lib/avr/include/avr/wdt.h **** 			"sts %[CCPADDRESS],%[SIGNATURE]" "\n\t"
 309:/usr/lib/avr/include/avr/wdt.h **** 			"out %[WDTREG],%[WDVALUE]" "\n\t"
 310:/usr/lib/avr/include/avr/wdt.h **** 			"out __SREG__,__tmp_reg__" "\n\t"
 311:/usr/lib/avr/include/avr/wdt.h **** 			: /* no outputs */
 312:/usr/lib/avr/include/avr/wdt.h **** 			: [CCPADDRESS] "n" (_SFR_MEM_ADDR(CCP)),
 313:/usr/lib/avr/include/avr/wdt.h **** 			[SIGNATURE] "r" ((uint8_t)0xD8),
 314:/usr/lib/avr/include/avr/wdt.h **** 			[WDTREG] "I" (_SFR_IO_ADDR(_WD_CONTROL_REG)),
 315:/usr/lib/avr/include/avr/wdt.h **** 			[WDVALUE] "r" ((uint8_t)((value & 0x08 ? _WD_PS3_MASK : 0x00)
 316:/usr/lib/avr/include/avr/wdt.h **** 				| _BV(WDE) | (value & 0x07) ))
 317:/usr/lib/avr/include/avr/wdt.h **** 			: "r0"
 318:/usr/lib/avr/include/avr/wdt.h **** 			);
 319:/usr/lib/avr/include/avr/wdt.h **** 	}
 320:/usr/lib/avr/include/avr/wdt.h **** 	else if (_SFR_IO_REG_P (CCP) && !_SFR_IO_REG_P (_WD_CONTROL_REG))
 321:/usr/lib/avr/include/avr/wdt.h **** 	{
 322:/usr/lib/avr/include/avr/wdt.h **** 		__asm__ __volatile__ (
 323:/usr/lib/avr/include/avr/wdt.h **** 			"in __tmp_reg__,__SREG__" "\n\t"
 324:/usr/lib/avr/include/avr/wdt.h **** 			"cli" "\n\t"
 325:/usr/lib/avr/include/avr/wdt.h **** 			"wdr" "\n\t"
 326:/usr/lib/avr/include/avr/wdt.h **** 			"out %[CCPADDRESS],%[SIGNATURE]" "\n\t"
 327:/usr/lib/avr/include/avr/wdt.h **** 			"sts %[WDTREG],%[WDVALUE]" "\n\t"
 328:/usr/lib/avr/include/avr/wdt.h **** 			"out __SREG__,__tmp_reg__" "\n\t"
 329:/usr/lib/avr/include/avr/wdt.h **** 			: /* no outputs */
GAS LISTING /tmp/ccoqLvyT.s 			page 10


 330:/usr/lib/avr/include/avr/wdt.h **** 			: [CCPADDRESS] "I" (_SFR_IO_ADDR(CCP)),
 331:/usr/lib/avr/include/avr/wdt.h **** 			[SIGNATURE] "r" ((uint8_t)0xD8),
 332:/usr/lib/avr/include/avr/wdt.h **** 			[WDTREG] "n" (_SFR_MEM_ADDR(_WD_CONTROL_REG)),
 333:/usr/lib/avr/include/avr/wdt.h **** 			[WDVALUE] "r" ((uint8_t)((value & 0x08 ? _WD_PS3_MASK : 0x00)
 334:/usr/lib/avr/include/avr/wdt.h **** 				| _BV(WDE) | (value & 0x07) ))
 335:/usr/lib/avr/include/avr/wdt.h **** 			: "r0"
 336:/usr/lib/avr/include/avr/wdt.h **** 			);
 337:/usr/lib/avr/include/avr/wdt.h **** 	}
 338:/usr/lib/avr/include/avr/wdt.h **** 	else
 339:/usr/lib/avr/include/avr/wdt.h ****  	{
 340:/usr/lib/avr/include/avr/wdt.h **** 		__asm__ __volatile__ (
 341:/usr/lib/avr/include/avr/wdt.h **** 			"in __tmp_reg__,__SREG__" "\n\t"
 342:/usr/lib/avr/include/avr/wdt.h **** 			"cli" "\n\t"
 343:/usr/lib/avr/include/avr/wdt.h **** 			"wdr" "\n\t"
 344:/usr/lib/avr/include/avr/wdt.h **** 			"out %[CCPADDRESS],%[SIGNATURE]" "\n\t"
 345:/usr/lib/avr/include/avr/wdt.h **** 			"out %[WDTREG],%[WDVALUE]" "\n\t"
 346:/usr/lib/avr/include/avr/wdt.h **** 			"out __SREG__,__tmp_reg__" "\n\t"
 347:/usr/lib/avr/include/avr/wdt.h **** 			: /* no outputs */
 348:/usr/lib/avr/include/avr/wdt.h **** 			: [CCPADDRESS] "I" (_SFR_IO_ADDR(CCP)),
 349:/usr/lib/avr/include/avr/wdt.h **** 			[SIGNATURE] "r" ((uint8_t)0xD8),
 350:/usr/lib/avr/include/avr/wdt.h **** 			[WDTREG] "I" (_SFR_IO_ADDR(_WD_CONTROL_REG)),
 351:/usr/lib/avr/include/avr/wdt.h **** 			[WDVALUE] "r" ((uint8_t)((value & 0x08 ? _WD_PS3_MASK : 0x00)
 352:/usr/lib/avr/include/avr/wdt.h **** 				| _BV(WDE) | (value & 0x07) ))
 353:/usr/lib/avr/include/avr/wdt.h **** 			: "r0"
 354:/usr/lib/avr/include/avr/wdt.h **** 			);
 355:/usr/lib/avr/include/avr/wdt.h **** 	}
 356:/usr/lib/avr/include/avr/wdt.h **** }
 357:/usr/lib/avr/include/avr/wdt.h **** 
 358:/usr/lib/avr/include/avr/wdt.h **** static __inline__
 359:/usr/lib/avr/include/avr/wdt.h **** __attribute__ ((__always_inline__))
 360:/usr/lib/avr/include/avr/wdt.h **** void wdt_disable (void)
 361:/usr/lib/avr/include/avr/wdt.h **** {
 362:/usr/lib/avr/include/avr/wdt.h **** 	if (!_SFR_IO_REG_P (CCP) && !_SFR_IO_REG_P(_WD_CONTROL_REG))
 363:/usr/lib/avr/include/avr/wdt.h **** 	{
 364:/usr/lib/avr/include/avr/wdt.h ****         uint8_t temp_wd;
 365:/usr/lib/avr/include/avr/wdt.h ****         __asm__ __volatile__ (
 366:/usr/lib/avr/include/avr/wdt.h **** 				"in __tmp_reg__,__SREG__" "\n\t"
 367:/usr/lib/avr/include/avr/wdt.h **** 				"cli" "\n\t"
 368:/usr/lib/avr/include/avr/wdt.h **** 				"wdr" "\n\t"
 369:/usr/lib/avr/include/avr/wdt.h **** 				"sts %[CCPADDRESS],%[SIGNATURE]" "\n\t"
 370:/usr/lib/avr/include/avr/wdt.h **** 				"lds %[TEMP_WD],%[WDTREG]" "\n\t"
 371:/usr/lib/avr/include/avr/wdt.h **** 				"cbr %[TEMP_WD],%[WDVALUE]" "\n\t"
 372:/usr/lib/avr/include/avr/wdt.h **** 				"sts %[WDTREG],%[TEMP_WD]" "\n\t"
 373:/usr/lib/avr/include/avr/wdt.h **** 				"out __SREG__,__tmp_reg__" "\n\t"
 374:/usr/lib/avr/include/avr/wdt.h **** 				: /*no output */
 375:/usr/lib/avr/include/avr/wdt.h **** 				: [CCPADDRESS] "n" (_SFR_MEM_ADDR(CCP)),
 376:/usr/lib/avr/include/avr/wdt.h **** 				[SIGNATURE] "r" ((uint8_t)0xD8),
 377:/usr/lib/avr/include/avr/wdt.h **** 				[WDTREG] "n" (_SFR_MEM_ADDR(_WD_CONTROL_REG)),
 378:/usr/lib/avr/include/avr/wdt.h **** 				[TEMP_WD] "d" (temp_wd),
 379:/usr/lib/avr/include/avr/wdt.h **** 				[WDVALUE] "n" (1 << WDE)
 380:/usr/lib/avr/include/avr/wdt.h **** 				: "r0"
 381:/usr/lib/avr/include/avr/wdt.h **** 				);
 382:/usr/lib/avr/include/avr/wdt.h **** 	}
 383:/usr/lib/avr/include/avr/wdt.h **** 	else if (!_SFR_IO_REG_P (CCP) && _SFR_IO_REG_P(_WD_CONTROL_REG))
 384:/usr/lib/avr/include/avr/wdt.h **** 	{
 385:/usr/lib/avr/include/avr/wdt.h ****         uint8_t temp_wd;
 386:/usr/lib/avr/include/avr/wdt.h ****         __asm__ __volatile__ (
GAS LISTING /tmp/ccoqLvyT.s 			page 11


 387:/usr/lib/avr/include/avr/wdt.h **** 				"in __tmp_reg__,__SREG__" "\n\t"
 388:/usr/lib/avr/include/avr/wdt.h **** 				"cli" "\n\t"
 389:/usr/lib/avr/include/avr/wdt.h **** 				"wdr" "\n\t"
 390:/usr/lib/avr/include/avr/wdt.h **** 				"sts %[CCPADDRESS],%[SIGNATURE]" "\n\t"
 391:/usr/lib/avr/include/avr/wdt.h **** 				"in %[TEMP_WD],%[WDTREG]" "\n\t"
 392:/usr/lib/avr/include/avr/wdt.h **** 				"cbr %[TEMP_WD],%[WDVALUE]" "\n\t"
 393:/usr/lib/avr/include/avr/wdt.h **** 				"out %[WDTREG],%[TEMP_WD]" "\n\t"
 394:/usr/lib/avr/include/avr/wdt.h **** 				"out __SREG__,__tmp_reg__" "\n\t"
 395:/usr/lib/avr/include/avr/wdt.h **** 				: /*no output */
 396:/usr/lib/avr/include/avr/wdt.h **** 				: [CCPADDRESS] "n" (_SFR_MEM_ADDR(CCP)),
 397:/usr/lib/avr/include/avr/wdt.h **** 				[SIGNATURE] "r" ((uint8_t)0xD8),
 398:/usr/lib/avr/include/avr/wdt.h **** 				[WDTREG] "I" (_SFR_IO_ADDR(_WD_CONTROL_REG)),
 399:/usr/lib/avr/include/avr/wdt.h **** 				[TEMP_WD] "d" (temp_wd),
 400:/usr/lib/avr/include/avr/wdt.h **** 				[WDVALUE] "n" (1 << WDE)
 401:/usr/lib/avr/include/avr/wdt.h **** 				: "r0"
 402:/usr/lib/avr/include/avr/wdt.h **** 				);
 403:/usr/lib/avr/include/avr/wdt.h **** 	}
 404:/usr/lib/avr/include/avr/wdt.h **** 	else if (_SFR_IO_REG_P (CCP) && !_SFR_IO_REG_P(_WD_CONTROL_REG))
 405:/usr/lib/avr/include/avr/wdt.h **** 	{
 406:/usr/lib/avr/include/avr/wdt.h ****         uint8_t temp_wd;
 407:/usr/lib/avr/include/avr/wdt.h ****         __asm__ __volatile__ (
 408:/usr/lib/avr/include/avr/wdt.h **** 				"in __tmp_reg__,__SREG__" "\n\t"
 409:/usr/lib/avr/include/avr/wdt.h **** 				"cli" "\n\t"
 410:/usr/lib/avr/include/avr/wdt.h **** 				"wdr" "\n\t"
 411:/usr/lib/avr/include/avr/wdt.h **** 				"out %[CCPADDRESS],%[SIGNATURE]" "\n\t"
 412:/usr/lib/avr/include/avr/wdt.h **** 				"lds %[TEMP_WD],%[WDTREG]" "\n\t"
 413:/usr/lib/avr/include/avr/wdt.h **** 				"cbr %[TEMP_WD],%[WDVALUE]" "\n\t"
 414:/usr/lib/avr/include/avr/wdt.h **** 				"sts %[WDTREG],%[TEMP_WD]" "\n\t"
 415:/usr/lib/avr/include/avr/wdt.h **** 				"out __SREG__,__tmp_reg__" "\n\t"
 416:/usr/lib/avr/include/avr/wdt.h **** 				: /*no output */
 417:/usr/lib/avr/include/avr/wdt.h **** 				: [CCPADDRESS] "I" (_SFR_IO_ADDR(CCP)),
 418:/usr/lib/avr/include/avr/wdt.h **** 				[SIGNATURE] "r" ((uint8_t)0xD8),
 419:/usr/lib/avr/include/avr/wdt.h **** 				[WDTREG] "n" (_SFR_MEM_ADDR(_WD_CONTROL_REG)),
 420:/usr/lib/avr/include/avr/wdt.h **** 				[TEMP_WD] "d" (temp_wd),
 421:/usr/lib/avr/include/avr/wdt.h **** 				[WDVALUE] "n" (1 << WDE)
 422:/usr/lib/avr/include/avr/wdt.h **** 				: "r0"
 423:/usr/lib/avr/include/avr/wdt.h **** 				);
 424:/usr/lib/avr/include/avr/wdt.h **** 	}
 425:/usr/lib/avr/include/avr/wdt.h **** 	else
 426:/usr/lib/avr/include/avr/wdt.h **** 	{
 427:/usr/lib/avr/include/avr/wdt.h ****         uint8_t temp_wd;
 428:/usr/lib/avr/include/avr/wdt.h ****         __asm__ __volatile__ (
 429:/usr/lib/avr/include/avr/wdt.h **** 				"in __tmp_reg__,__SREG__" "\n\t"
 430:/usr/lib/avr/include/avr/wdt.h **** 				"cli" "\n\t"
 431:/usr/lib/avr/include/avr/wdt.h **** 				"wdr" "\n\t"
 432:/usr/lib/avr/include/avr/wdt.h **** 				"out %[CCPADDRESS],%[SIGNATURE]" "\n\t"
 433:/usr/lib/avr/include/avr/wdt.h **** 				"in %[TEMP_WD],%[WDTREG]" "\n\t"
 434:/usr/lib/avr/include/avr/wdt.h **** 				"cbr %[TEMP_WD],%[WDVALUE]" "\n\t"
 435:/usr/lib/avr/include/avr/wdt.h **** 				"out %[WDTREG],%[TEMP_WD]" "\n\t"
 436:/usr/lib/avr/include/avr/wdt.h **** 				"out __SREG__,__tmp_reg__" "\n\t"
 437:/usr/lib/avr/include/avr/wdt.h **** 				: /*no output */
 438:/usr/lib/avr/include/avr/wdt.h **** 				: [CCPADDRESS] "I" (_SFR_IO_ADDR(CCP)),
 439:/usr/lib/avr/include/avr/wdt.h **** 				[SIGNATURE] "r" ((uint8_t)0xD8),
 440:/usr/lib/avr/include/avr/wdt.h **** 				[WDTREG] "I" (_SFR_IO_ADDR(_WD_CONTROL_REG)),
 441:/usr/lib/avr/include/avr/wdt.h **** 				[TEMP_WD] "d" (temp_wd),
 442:/usr/lib/avr/include/avr/wdt.h **** 				[WDVALUE] "n" (1 << WDE)
 443:/usr/lib/avr/include/avr/wdt.h **** 				: "r0"
GAS LISTING /tmp/ccoqLvyT.s 			page 12


 444:/usr/lib/avr/include/avr/wdt.h **** 				);
 445:/usr/lib/avr/include/avr/wdt.h **** 	}
 446:/usr/lib/avr/include/avr/wdt.h **** }
 447:/usr/lib/avr/include/avr/wdt.h **** 
 448:/usr/lib/avr/include/avr/wdt.h **** #else
 449:/usr/lib/avr/include/avr/wdt.h **** 
 450:/usr/lib/avr/include/avr/wdt.h **** static __inline__
 451:/usr/lib/avr/include/avr/wdt.h **** __attribute__ ((__always_inline__))
 452:/usr/lib/avr/include/avr/wdt.h **** void wdt_enable (const uint8_t value)
 453:/usr/lib/avr/include/avr/wdt.h **** {
 454:/usr/lib/avr/include/avr/wdt.h **** 	if (_SFR_IO_REG_P (_WD_CONTROL_REG))
 455:/usr/lib/avr/include/avr/wdt.h **** 	{
 456:/usr/lib/avr/include/avr/wdt.h **** 		__asm__ __volatile__ (
 457:/usr/lib/avr/include/avr/wdt.h **** 				"in __tmp_reg__,__SREG__" "\n\t"
 458:/usr/lib/avr/include/avr/wdt.h **** 				"cli" "\n\t"
 459:/usr/lib/avr/include/avr/wdt.h **** 				"wdr" "\n\t"
 460:/usr/lib/avr/include/avr/wdt.h **** 				"out %0, %1" "\n\t"
 461:/usr/lib/avr/include/avr/wdt.h **** 				"out __SREG__,__tmp_reg__" "\n\t"
 462:/usr/lib/avr/include/avr/wdt.h **** 				"out %0, %2" "\n \t"
 463:/usr/lib/avr/include/avr/wdt.h **** 				: /* no outputs */
 464:/usr/lib/avr/include/avr/wdt.h **** 				: "I" (_SFR_IO_ADDR(_WD_CONTROL_REG)),
 465:/usr/lib/avr/include/avr/wdt.h **** 				"r" ((uint8_t)(_BV(_WD_CHANGE_BIT) | _BV(WDE))),
 466:/usr/lib/avr/include/avr/wdt.h **** 				"r" ((uint8_t) ((value & 0x08 ? _WD_PS3_MASK : 0x00) |
 467:/usr/lib/avr/include/avr/wdt.h **** 						_BV(WDE) | (value & 0x07)) )
 468:/usr/lib/avr/include/avr/wdt.h **** 				: "r0"
 469:/usr/lib/avr/include/avr/wdt.h **** 		);
 470:/usr/lib/avr/include/avr/wdt.h **** 	}
 471:/usr/lib/avr/include/avr/wdt.h **** 	else
 472:/usr/lib/avr/include/avr/wdt.h **** 	{
 473:/usr/lib/avr/include/avr/wdt.h **** 		__asm__ __volatile__ (
 474:/usr/lib/avr/include/avr/wdt.h **** 				"in __tmp_reg__,__SREG__" "\n\t"
 475:/usr/lib/avr/include/avr/wdt.h **** 				"cli" "\n\t"
 476:/usr/lib/avr/include/avr/wdt.h **** 				"wdr" "\n\t"
 477:/usr/lib/avr/include/avr/wdt.h **** 				"sts %0, %1" "\n\t"
 478:/usr/lib/avr/include/avr/wdt.h **** 				"out __SREG__,__tmp_reg__" "\n\t"
 479:/usr/lib/avr/include/avr/wdt.h **** 				"sts %0, %2" "\n \t"
 480:/usr/lib/avr/include/avr/wdt.h **** 				: /* no outputs */
 481:/usr/lib/avr/include/avr/wdt.h **** 				: "n" (_SFR_MEM_ADDR(_WD_CONTROL_REG)),
 482:/usr/lib/avr/include/avr/wdt.h **** 				"r" ((uint8_t)(_BV(_WD_CHANGE_BIT) | _BV(WDE))),
 483:/usr/lib/avr/include/avr/wdt.h **** 				"r" ((uint8_t) ((value & 0x08 ? _WD_PS3_MASK : 0x00) |
 484:/usr/lib/avr/include/avr/wdt.h **** 						_BV(WDE) | (value & 0x07)) )
 485:/usr/lib/avr/include/avr/wdt.h **** 				: "r0"
 486:/usr/lib/avr/include/avr/wdt.h **** 		);
 487:/usr/lib/avr/include/avr/wdt.h **** 	}
 488:/usr/lib/avr/include/avr/wdt.h **** }
 489:/usr/lib/avr/include/avr/wdt.h **** 
 490:/usr/lib/avr/include/avr/wdt.h **** static __inline__
 491:/usr/lib/avr/include/avr/wdt.h **** __attribute__ ((__always_inline__))
 492:/usr/lib/avr/include/avr/wdt.h **** void wdt_disable (void)
 493:/usr/lib/avr/include/avr/wdt.h **** {
 494:/usr/lib/avr/include/avr/wdt.h **** 	if (_SFR_IO_REG_P (_WD_CONTROL_REG))
 495:/usr/lib/avr/include/avr/wdt.h **** 	{
 496:/usr/lib/avr/include/avr/wdt.h ****         uint8_t register temp_reg;
 497:/usr/lib/avr/include/avr/wdt.h **** 		__asm__ __volatile__ (
 498:/usr/lib/avr/include/avr/wdt.h **** 				"in __tmp_reg__,__SREG__"    "\n\t"
 499:/usr/lib/avr/include/avr/wdt.h **** 				"cli"                        "\n\t"
 500:/usr/lib/avr/include/avr/wdt.h **** 				"wdr"                        "\n\t"
GAS LISTING /tmp/ccoqLvyT.s 			page 13


 501:/usr/lib/avr/include/avr/wdt.h **** 				"in  %[TEMPREG],%[WDTREG]"   "\n\t"
 502:/usr/lib/avr/include/avr/wdt.h **** 				"ori %[TEMPREG],%[WDCE_WDE]" "\n\t"
 503:/usr/lib/avr/include/avr/wdt.h **** 				"out %[WDTREG],%[TEMPREG]"   "\n\t"
 504:/usr/lib/avr/include/avr/wdt.h **** 				"out %[WDTREG],__zero_reg__" "\n\t"
 505:/usr/lib/avr/include/avr/wdt.h **** 				"out __SREG__,__tmp_reg__"   "\n\t"
 506:/usr/lib/avr/include/avr/wdt.h **** 				: [TEMPREG] "=d" (temp_reg)
 507:/usr/lib/avr/include/avr/wdt.h **** 				: [WDTREG]  "I"  (_SFR_IO_ADDR(_WD_CONTROL_REG)),
 508:/usr/lib/avr/include/avr/wdt.h **** 				[WDCE_WDE]  "n"  ((uint8_t)(_BV(_WD_CHANGE_BIT) | _BV(WDE)))
 509:/usr/lib/avr/include/avr/wdt.h **** 				: "r0"
 510:/usr/lib/avr/include/avr/wdt.h **** 		);
 511:/usr/lib/avr/include/avr/wdt.h **** 	}
 512:/usr/lib/avr/include/avr/wdt.h **** 	else
 513:/usr/lib/avr/include/avr/wdt.h **** 	{
 514:/usr/lib/avr/include/avr/wdt.h ****         uint8_t register temp_reg;
 515:/usr/lib/avr/include/avr/wdt.h **** 		__asm__ __volatile__ (
 165               		.stabn	68,0,515,.LM5-.LFBB1
 166               	.LM5:
 167               	/* #APP */
 168               	 ;  515 "/usr/lib/avr/include/avr/wdt.h" 1
 169 0016 0FB6      		in __tmp_reg__,__SREG__
 170 0018 F894      		cli
 171 001a A895      		wdr
 172 001c 8091 6000 		lds r24,96
 173 0020 8861      		ori r24,24
 174 0022 8093 6000 		sts 96,r24
 175 0026 1092 6000 		sts 96,__zero_reg__
 176 002a 0FBE      		out __SREG__,__tmp_reg__
 177               		
 178               	 ;  0 "" 2
 179               	/* #NOAPP */
 180 002c 0895      		ret
 181               	.LBE8:
 182               	.LBE7:
 183               		.size	init_olimexIno, .-init_olimexIno
 184               	.Lscope1:
 185               		.stabs	"",36,0,0,.Lscope1-.LFBB1
 186               		.stabd	78,0,0
 187               		.section	.text.USB_init,"ax",@progbits
 188               		.stabs	"USB_init:F(0,49)",36,0,25,USB_init
 189               	.global	USB_init
 190               		.type	USB_init, @function
 191               	USB_init:
 192               		.stabd	46,0,0
 193               		.stabs	"libttycom.c",132,0,0,.Ltext2
 194               	.Ltext2:
  21:libttycom.c   ****   //  TIMSK0=_BV(TOIE0);
  22:libttycom.c   ****   wdt_disable(); 
  23:libttycom.c   **** }
  24:libttycom.c   **** 
  25:libttycom.c   **** void USB_init(void){
 195               		.stabn	68,0,25,.LM6-.LFBB2
 196               	.LM6:
 197               	.LFBB2:
 198               	/* prologue: function */
 199               	/* frame size = 0 */
 200               	/* stack size = 0 */
 201               	.L__stack_usage = 0
GAS LISTING /tmp/ccoqLvyT.s 			page 14


  26:libttycom.c   ****  //  USBDevice;
  27:libttycom.c   ****   USBDevice_attach();
 202               		.stabn	68,0,27,.LM7-.LFBB2
 203               	.LM7:
 204 0000 0E94 0000 		call USBDevice_attach
 205               	.L3:
  28:libttycom.c   ****  // Ouverture de la communication USB et attente de connection
  29:libttycom.c   ****   while (! Serial_test()) {
 206               		.stabn	68,0,29,.LM8-.LFBB2
 207               	.LM8:
 208 0004 0E94 0000 		call Serial_test
 209 0008 8823      		tst r24
 210 000a 01F0      		breq .L3
 211               	/* epilogue start */
  30:libttycom.c   ****   }; // wait for serial port to connect. 
  31:libttycom.c   **** }
 212               		.stabn	68,0,31,.LM9-.LFBB2
 213               	.LM9:
 214 000c 0895      		ret
 215               		.size	USB_init, .-USB_init
 216               	.Lscope2:
 217               		.stabs	"",36,0,0,.Lscope2-.LFBB2
 218               		.stabd	78,0,0
 219               		.section	.text.USB_OUT,"ax",@progbits
 220               		.stabs	"USB_OUT:F(0,49)",36,0,33,USB_OUT
 221               		.stabs	"data:P(0,13)",64,0,33,24
 222               	.global	USB_OUT
 223               		.type	USB_OUT, @function
 224               	USB_OUT:
 225               		.stabd	46,0,0
  32:libttycom.c   **** 
  33:libttycom.c   **** void USB_OUT( unsigned char data){
 226               		.stabn	68,0,33,.LM10-.LFBB3
 227               	.LM10:
 228               	.LFBB3:
 229               	/* prologue: function */
 230               	/* frame size = 0 */
 231               	/* stack size = 0 */
 232               	.L__stack_usage = 0
  34:libttycom.c   ****   Serial_write(data);
 233               		.stabn	68,0,34,.LM11-.LFBB3
 234               	.LM11:
 235 0000 0C94 0000 		jmp Serial_write
 236               		.size	USB_OUT, .-USB_OUT
 237               	.Lscope3:
 238               		.stabs	"",36,0,0,.Lscope3-.LFBB3
 239               		.stabd	78,0,0
 240               		.section	.text.USB_IN,"ax",@progbits
 241               		.stabs	"USB_IN:F(0,13)",36,0,37,USB_IN
 242               	.global	USB_IN
 243               		.type	USB_IN, @function
 244               	USB_IN:
 245               		.stabd	46,0,0
  35:libttycom.c   **** }
  36:libttycom.c   **** 
  37:libttycom.c   **** unsigned char USB_IN(void){
 246               		.stabn	68,0,37,.LM12-.LFBB4
GAS LISTING /tmp/ccoqLvyT.s 			page 15


 247               	.LM12:
 248               	.LFBB4:
 249               	/* prologue: function */
 250               	/* frame size = 0 */
 251               	/* stack size = 0 */
 252               	.L__stack_usage = 0
 253               	.L9:
  38:libttycom.c   ****   char c;
  39:libttycom.c   ****   while((c=Serial_read())<0);
 254               		.stabn	68,0,39,.LM13-.LFBB4
 255               	.LM13:
 256 0000 0E94 0000 		call Serial_read
 257 0004 87FD      		sbrc r24,7
 258 0006 00C0      		rjmp .L9
 259               	/* epilogue start */
  40:libttycom.c   ****   return c ;
  41:libttycom.c   **** }
 260               		.stabn	68,0,41,.LM14-.LFBB4
 261               	.LM14:
 262 0008 0895      		ret
 263               		.size	USB_IN, .-USB_IN
 264               	.Lscope4:
 265               		.stabs	"",36,0,0,.Lscope4-.LFBB4
 266               		.stabd	78,0,0
 267               		.section	.text.USB_writestr,"ax",@progbits
 268               		.stabs	"USB_writestr:F(0,49)",36,0,44,USB_writestr
 269               		.stabs	"s:P(0,50)=*(0,2)",64,0,44,24
 270               	.global	USB_writestr
 271               		.type	USB_writestr, @function
 272               	USB_writestr:
 273               		.stabd	46,0,0
  42:libttycom.c   **** 
  43:libttycom.c   **** 
  44:libttycom.c   **** void USB_writestr(char *s){
 274               		.stabn	68,0,44,.LM15-.LFBB5
 275               	.LM15:
 276               	.LFBB5:
 277 0000 CF93      		push r28
 278 0002 DF93      		push r29
 279               	/* prologue: function */
 280               	/* frame size = 0 */
 281               	/* stack size = 2 */
 282               	.L__stack_usage = 2
 283 0004 EC01      		movw r28,r24
 284               	.L12:
  45:libttycom.c   ****   while(*s!='\0')
 285               		.stabn	68,0,45,.LM16-.LFBB5
 286               	.LM16:
 287 0006 8991      		ld r24,Y+
 288 0008 8823      		tst r24
 289 000a 01F0      		breq .L14
 290               	.LBB9:
 291               	.LBB10:
  34:libttycom.c   **** }
 292               		.stabn	68,0,34,.LM17-.LFBB5
 293               	.LM17:
 294 000c 0E94 0000 		call Serial_write
GAS LISTING /tmp/ccoqLvyT.s 			page 16


 295 0010 00C0      		rjmp .L12
 296               	.L14:
 297               	/* epilogue start */
 298               	.LBE10:
 299               	.LBE9:
  46:libttycom.c   ****     USB_OUT(*s++);
  47:libttycom.c   **** }
 300               		.stabn	68,0,47,.LM18-.LFBB5
 301               	.LM18:
 302 0012 DF91      		pop r29
 303 0014 CF91      		pop r28
 304 0016 0895      		ret
 305               		.size	USB_writestr, .-USB_writestr
 306               	.Lscope5:
 307               		.stabs	"",36,0,0,.Lscope5-.LFBB5
 308               		.stabd	78,0,0
 309               		.section	.text.USB_readstr,"ax",@progbits
 310               		.stabs	"USB_readstr:F(0,1)",36,0,49,USB_readstr
 311               		.stabs	"s:P(0,50)",64,0,49,24
 312               		.stabs	"n:P(0,1)",64,0,49,14
 313               	.global	USB_readstr
 314               		.type	USB_readstr, @function
 315               	USB_readstr:
 316               		.stabd	46,0,0
  48:libttycom.c   **** 
  49:libttycom.c   **** int USB_readstr(char *s, int n){
 317               		.stabn	68,0,49,.LM19-.LFBB6
 318               	.LM19:
 319               	.LFBB6:
 320 0000 EF92      		push r14
 321 0002 FF92      		push r15
 322 0004 0F93      		push r16
 323 0006 1F93      		push r17
 324 0008 CF93      		push r28
 325 000a DF93      		push r29
 326               	/* prologue: function */
 327               	/* frame size = 0 */
 328               	/* stack size = 6 */
 329               	.L__stack_usage = 6
 330 000c 7B01      		movw r14,r22
 331 000e 8C01      		movw r16,r24
  50:libttycom.c   ****   int i=0;char c;
 332               		.stabn	68,0,50,.LM20-.LFBB6
 333               	.LM20:
 334 0010 C0E0      		ldi r28,0
 335 0012 D0E0      		ldi r29,0
 336               	.L16:
  51:libttycom.c   ****   while(((c=USB_IN())!='\n') && (c!='\r') && (++i<n))
 337               		.stabn	68,0,51,.LM21-.LFBB6
 338               	.LM21:
 339 0014 0E94 0000 		call USB_IN
 340 0018 8A30      		cpi r24,lo8(10)
 341 001a 01F0      		breq .L17
 342               		.stabn	68,0,51,.LM22-.LFBB6
 343               	.LM22:
 344 001c 8D30      		cpi r24,lo8(13)
 345 001e 01F0      		breq .L17
GAS LISTING /tmp/ccoqLvyT.s 			page 17


 346               		.stabn	68,0,51,.LM23-.LFBB6
 347               	.LM23:
 348 0020 2196      		adiw r28,1
 349 0022 CE15      		cp r28,r14
 350 0024 DF05      		cpc r29,r15
 351 0026 04F4      		brge .L17
  52:libttycom.c   ****     *s++=c;
 352               		.stabn	68,0,52,.LM24-.LFBB6
 353               	.LM24:
 354 0028 F801      		movw r30,r16
 355 002a 8193      		st Z+,r24
 356 002c 8F01      		movw r16,r30
 357 002e 00C0      		rjmp .L16
 358               	.L17:
  53:libttycom.c   ****   *s='\0';
 359               		.stabn	68,0,53,.LM25-.LFBB6
 360               	.LM25:
 361 0030 F801      		movw r30,r16
 362 0032 1082      		st Z,__zero_reg__
  54:libttycom.c   ****   return (i);
  55:libttycom.c   **** }
 363               		.stabn	68,0,55,.LM26-.LFBB6
 364               	.LM26:
 365 0034 CE01      		movw r24,r28
 366               	/* epilogue start */
 367 0036 DF91      		pop r29
 368 0038 CF91      		pop r28
 369 003a 1F91      		pop r17
 370 003c 0F91      		pop r16
 371 003e FF90      		pop r15
 372 0040 EF90      		pop r14
 373 0042 0895      		ret
 374               		.size	USB_readstr, .-USB_readstr
 375               		.stabs	"i:r(0,1)",64,0,50,28
 376               		.stabn	192,0,0,.LFBB6-.LFBB6
 377               		.stabn	224,0,0,.Lscope6-.LFBB6
 378               	.Lscope6:
 379               		.stabs	"",36,0,0,.Lscope6-.LFBB6
 380               		.stabd	78,0,0
 381               		.stabs	"SDA:c=i2",128,0,0,0
 382               		.stabs	"SCL:c=i3",128,0,0,0
 383               		.stabs	"SS:c=i17",128,0,0,0
 384               		.stabs	"MOSI:c=i16",128,0,0,0
 385               		.stabs	"MISO:c=i14",128,0,0,0
 386               		.stabs	"SCK:c=i15",128,0,0,0
 387               		.stabs	"A0:c=i18",128,0,0,0
 388               		.stabs	"A1:c=i19",128,0,0,0
 389               		.stabs	"A2:c=i20",128,0,0,0
 390               		.stabs	"A3:c=i21",128,0,0,0
 391               		.stabs	"A4:c=i22",128,0,0,0
 392               		.stabs	"A5:c=i23",128,0,0,0
 393               		.stabs	"A6:c=i24",128,0,0,0
 394               		.stabs	"A7:c=i25",128,0,0,0
 395               		.stabs	"A8:c=i26",128,0,0,0
 396               		.stabs	"A9:c=i27",128,0,0,0
 397               		.stabs	"A10:c=i28",128,0,0,0
 398               		.stabs	"A11:c=i29",128,0,0,0
GAS LISTING /tmp/ccoqLvyT.s 			page 18


 399               		.text
 400               		.stabs	"",100,0,0,.Letext0
 401               	.Letext0:
 402               		.ident	"GCC: (GNU) 5.4.0"
GAS LISTING /tmp/ccoqLvyT.s 			page 19


DEFINED SYMBOLS
                            *ABS*:0000000000000000 libttycom.c
     /tmp/ccoqLvyT.s:2      *ABS*:000000000000003e __SP_H__
     /tmp/ccoqLvyT.s:3      *ABS*:000000000000003d __SP_L__
     /tmp/ccoqLvyT.s:4      *ABS*:000000000000003f __SREG__
     /tmp/ccoqLvyT.s:5      *ABS*:0000000000000000 __tmp_reg__
     /tmp/ccoqLvyT.s:6      *ABS*:0000000000000001 __zero_reg__
     /tmp/ccoqLvyT.s:137    .text.init_olimexIno:0000000000000000 init_olimexIno
     /tmp/ccoqLvyT.s:191    .text.USB_init:0000000000000000 USB_init
     /tmp/ccoqLvyT.s:224    .text.USB_OUT:0000000000000000 USB_OUT
     /tmp/ccoqLvyT.s:244    .text.USB_IN:0000000000000000 USB_IN
     /tmp/ccoqLvyT.s:272    .text.USB_writestr:0000000000000000 USB_writestr
     /tmp/ccoqLvyT.s:315    .text.USB_readstr:0000000000000000 USB_readstr

UNDEFINED SYMBOLS
USBDevice_attach
Serial_test
Serial_write
Serial_read
